clang version 7.0.0-3~ubuntu0.18.04.1 (tags/RELEASE_700/final)
gcc -g p4original.c
îº§ gdb a.out
GNU gdb (Ubuntu 8.1.1-0ubuntu1) 8.1.1
Copyright (C) 2018 Free Software Foundation, Inc.
License GPLv3+: GNU GPL version 3 or later <http://gnu.org/licenses/gpl.html>
This is free software: you are free to change and redistribute it.
There is NO WARRANTY, to the extent permitted by law.  Type "show copying"
and "show warranty" for details.
This GDB was configured as "x86_64-linux-gnu".
Type "show configuration" for configuration details.
For bug reporting instructions, please see:
<http://www.gnu.org/software/gdb/bugs/>.
Find the GDB manual and other documentation resources online at:
<http://www.gnu.org/software/gdb/documentation/>.
For help, type "help".
Type "apropos word" to search for commands related to "word"...
Reading symbols from a.out...done.
(gdb) b main
Breakpoint 1 at 0x893: file p4original.c, line 31.
(gdb) r
Starting program: /home/runner/ppa-IA2-practice2-6/a.out 
warning: Error disabling address space randomization: Operation not permitted

Breakpoint 1, main () at p4original.c:31
31  {
(gdb) n
33      n=input_array_size();
(gdb) s
input_array_size () at p4original.c:3
3   {
(gdb) n
5       printf("how many composite numbers?\n");
(gdb) n
how many composite numbers?
6       scanf("%d",&n);
(gdb) n
5
7       return n;
(gdb) n
8   }
(gdb) p n
$1 = 5
(gdb) n
main () at p4original.c:34
34      int a[n];
(gdb) n
35      input_array(n,a);
(gdb) s
input_array (n=5, a=0x7ffcc6abc070) at p4original.c:11
11      printf("enter the composite numbers\n");
(gdb) n
enter the composite numbers
12      for(int i=0;i<n;i++)
(gdb) n
14             scanf("%d",&a[i]); 
(gdb) n
4
12      for(int i=0;i<n;i++)
(gdb) n
14             scanf("%d",&a[i]); 
(gdb) n
6
12      for(int i=0;i<n;i++)
(gdb) n
14             scanf("%d",&a[i]); 
(gdb) n
10
12      for(int i=0;i<n;i++)
(gdb) n
14             scanf("%d",&a[i]); 
(gdb) n
8
12      for(int i=0;i<n;i++)
(gdb) n
14             scanf("%d",&a[i]); 
(gdb) n
12
12      for(int i=0;i<n;i++)
(gdb) n
16  }
(gdb) n
main () at p4original.c:36
36      sum=sum_composite_numbers(n,a);
(gdb) s
sum_composite_numbers (n=5, a=0x7ffcc6abc070) at p4original.c:19
19      int sum=0;
(gdb) n
20      for(int i=0;i<n;i++)
(gdb) n
22              sum=sum+a[i];
(gdb) n
20      for(int i=0;i<n;i++)
(gdb) n
22              sum=sum+a[i];
(gdb) n
20      for(int i=0;i<n;i++)
(gdb) n
22              sum=sum+a[i];
(gdb) n
20      for(int i=0;i<n;i++)
(gdb) n
22              sum=sum+a[i];
(gdb) n
20      for(int i=0;i<n;i++)
(gdb) n
22              sum=sum+a[i];
(gdb) n
20      for(int i=0;i<n;i++)
(gdb) n
24      return sum;
(gdb) n
25  }
(gdb) n
main () at p4original.c:37
37      out_put(sum);
(gdb) s
out_put (sum=40) at p4original.c:28
28      printf("sum is %d",sum);
(gdb) n
29  }
(gdb) n
main () at p4original.c:38
38      return 0;
(gdb) n
39  }(gdb) n
__libc_start_main (main=0x55f5c3e00882 <main>, argc=1, argv=0x7ffcc6abc1c8, 
    init=<optimized out>, fini=<optimized out>, rtld_fini=<optimized out>, 
    stack_end=0x7ffcc6abc1b8) at ../csu/libc-start.c:344
344 ../csu/libc-start.c: No such file or directory.
(gdb) n
sum is 40[Inferior 1 (process 1162) exited normally]
